
> apboa-react-ui@0.1.0 dev /Users/rivers/ONE/ui-react
> vite

Port 3031 is in use, trying another one...

  VITE v8.3.2  ready in 290 ms

  ➜  Local:   http://localhost:3032/
  ➜  Network: http://192.168.1.37:3032/  en0
  ➜  Network: http://198.18.0.1:3032/    utun6
9:47:10 PM [vite] (client) hmr update /src/styles.css, /src/pages/agents-page.tsx
9:47:10 PM [vite] (client) hmr update /src/styles.css, /src/features/agents/agent-card.tsx
9:49:39 PM [vite] (client) hmr update /src/styles.css, /src/pages/agents-page.tsx
10:06:52 PM [vite] (client) hmr update /src/styles.css
10:06:52 PM [vite] (client) hmr update /src/styles.css, /src/components/ui/button.tsx
10:06:52 PM [vite] (client) hmr update /src/styles.css, /src/components/ui/switch.tsx
10:06:52 PM [vite] (client) hmr update /src/styles.css, /src/components/ui/textarea.tsx
10:06:52 PM [vite] (client) hmr update /src/styles.css, /src/components/ui/tabs.tsx
10:06:52 PM [vite] (client) hmr update /src/styles.css, /src/components/ui/pagination.tsx
10:07:47 PM [vite] (client) hmr update /src/app/app-shell.tsx, /src/styles.css
10:08:00 PM [vite] (client) hmr update /src/app/app-shell.tsx, /src/styles.css
10:08:46 PM [vite] (client) hmr update /src/styles.css, /src/pages/login-page.tsx
10:09:08 PM [vite] (client) hmr update /src/styles.css, /src/pages/login-page.tsx
10:10:13 PM [vite] (client) hmr update /src/styles.css, /src/features/agents/agent-card.tsx
10:10:29 PM [vite] (client) hmr update /src/styles.css, /src/features/agents/agent-card.tsx
10:10:47 PM [vite] (client) hmr update /src/styles.css, /src/pages/agents-page.tsx
10:11:14 PM [vite] (client) hmr update /src/styles.css, /src/pages/dashboard-page.tsx
10:12:10 PM [vite] (client) hmr update /src/styles.css, /src/pages/dashboard-page.tsx
10:12:36 PM [vite] (client) hmr update /src/styles.css, /src/pages/dashboard-page.tsx
10:13:49 PM [vite] (client) hmr update /src/styles.css, /src/pages/chat-page.tsx
10:14:06 PM [vite] (client) hmr update /src/styles.css, /src/pages/chat-page.tsx
10:53:09 PM [vite] http proxy error: /runtime/workspace/files?sessionId=101
Error: connect ECONNREFUSED 127.0.0.1:3061
    at TCPConnectWrap.afterConnect [as oncomplete] (node:net:1636:16)
10:53:09 PM [vite] http proxy error: /runtime/agui/status/101
Error: connect ECONNREFUSED 127.0.0.1:3061
    at TCPConnectWrap.afterConnect [as oncomplete] (node:net:1636:16)
10:53:10 PM [vite] http proxy error: /runtime/workspace/files?sessionId=101
Error: connect ECONNREFUSED 127.0.0.1:3061
    at TCPConnectWrap.afterConnect [as oncomplete] (node:net:1636:16)
10:53:12 PM [vite] http proxy error: /runtime/workspace/files?sessionId=101
Error: connect ECONNREFUSED 127.0.0.1:3061
    at TCPConnectWrap.afterConnect [as oncomplete] (node:net:1636:16)
10:55:08 PM [vite] (client) hmr update /src/styles.css, /src/features/chat/mention-dropdown.tsx
10:55:08 PM [vite] (client) hmr update /src/styles.css, /src/features/agents/agent-details.tsx
10:55:08 PM [vite] (client) hmr update /src/styles.css, /src/features/skills/skill-hub-sheet.tsx
10:55:08 PM [vite] (client) hmr update /src/components/error-boundary.tsx, /src/styles.css
10:55:08 PM [vite] (client) hmr update /src/styles.css, /src/components/ui/card.tsx
10:55:08 PM [vite] (client) hmr update /src/styles.css, /src/components/states.tsx
10:55:08 PM [vite] (client) hmr update /src/styles.css, /src/components/ui/alert-dialog.tsx
10:55:08 PM [vite] (client) hmr update /src/styles.css, /src/components/markdown-lite.tsx
10:55:08 PM [vite] (client) hmr update /src/styles.css, /src/components/ui/sheet.tsx
10:55:08 PM [vite] (client) hmr update /src/styles.css
10:55:08 PM [vite] (client) hmr update /src/styles.css
10:55:08 PM [vite] (client) hmr update /src/styles.css
10:55:08 PM [vite] (client) hmr update /src/styles.css
10:55:08 PM [vite] (client) hmr update /src/styles.css, /src/pages/login-page.tsx
10:55:08 PM [vite] (client) hmr update /src/styles.css, /src/pages/chat-cluster-page.tsx
10:55:08 PM [vite] (client) hmr update /src/styles.css, /src/components/ui/dialog.tsx
10:55:08 PM [vite] (client) hmr update /src/styles.css
10:55:08 PM [vite] (client) hmr update /src/styles.css
10:55:08 PM [vite] (client) hmr update /src/styles.css, /src/pages/dashboard-page.tsx
10:55:08 PM [vite] (client) hmr update /src/styles.css
10:55:08 PM [vite] (client) hmr update /src/styles.css, /src/pages/agents-page.tsx
10:55:08 PM [vite] (client) hmr update /src/styles.css, /src/pages/chat-page.tsx
10:55:08 PM [vite] (client) hmr update /src/styles.css, /src/pages/error-pages.tsx
10:58:48 PM [vite] (client) hmr update /src/styles.css
11:03:22 PM [vite] (client) hmr update /src/styles.css, /src/pages/workflow-page.tsx
11:03:59 PM [vite] (client) hmr update /src/styles.css, /src/pages/workflow-page.tsx
11:15:05 PM [vite] (client) hmr update /src/styles.css
11:15:37 PM [vite] (client) hmr update /src/styles.css
11:16:07 PM [vite] (client) hmr update /src/styles.css
11:16:26 PM [vite] (client) hmr update /src/styles.css
11:17:31 PM [vite] (client) hmr update /src/styles.css
11:18:15 PM [vite] (client) hmr update /src/styles.css
11:18:45 PM [vite] (client) hmr update /src/styles.css
11:19:06 PM [vite] (client) hmr update /src/styles.css
11:20:16 PM [vite] (client) hmr update /src/styles.css
11:21:51 PM [vite] (client) hmr update /src/styles.css
11:22:23 PM [vite] (client) hmr update /src/styles.css
11:23:50 PM [vite] (client) hmr update /src/styles.css
11:25:11 PM [vite] (client) hmr update /src/styles.css
11:25:32 PM [vite] (client) hmr update /src/styles.css
11:27:48 PM [vite] (client) hmr update /src/styles.css
11:28:25 PM [vite] (client) hmr update /src/styles.css, /src/components/ui/dropdown-menu.tsx
11:28:25 PM [vite] (client) hmr update /src/styles.css, /src/components/ui/dialog.tsx
11:28:25 PM [vite] (client) hmr update /src/styles.css, /src/components/ui/sheet.tsx
11:30:38 PM [vite] (client) hmr update /src/styles.css, /src/pages/workflow-editor-page.tsx
 ELIFECYCLE  Command failed with exit code 143.
